{
  "version": "1.5.0",
  "plugins_used": [
    {
      "name": "ArtifactoryDetector"
    },
    {
      "name": "AWSKeyDetector"
    },
    {
      "name": "AzureStorageKeyDetector"
    },
    {
      "name": "Base64HighEntropyString",
      "limit": 4.5
    },
    {
      "name": "BasicAuthDetector"
    },
    {
      "name": "CloudantDetector"
    },
    {
      "name": "DiscordBotTokenDetector"
    },
    {
      "name": "GitHubTokenDetector"
    },
    {
      "name": "GitLabTokenDetector"
    },
    {
      "name": "HexHighEntropyString",
      "limit": 3.0
    },
    {
      "name": "IbmCloudIamDetector"
    },
    {
      "name": "IbmCosHmacDetector"
    },
    {
      "name": "IPPublicDetector"
    },
    {
      "name": "JwtTokenDetector"
    },
    {
      "name": "KeywordDetector",
      "keyword_exclude": ""
    },
    {
      "name": "MailchimpDetector"
    },
    {
      "name": "NpmDetector"
    },
    {
      "name": "OpenAIDetector"
    },
    {
      "name": "PrivateKeyDetector"
    },
    {
      "name": "PypiTokenDetector"
    },
    {
      "name": "SendGridDetector"
    },
    {
      "name": "SlackDetector"
    },
    {
      "name": "SoftlayerDetector"
    },
    {
      "name": "SquareOAuthDetector"
    },
    {
      "name": "StripeDetector"
    },
    {
      "name": "TelegramBotTokenDetector"
    },
    {
      "name": "TwilioKeyDetector"
    }
  ],
  "filters_used": [
    {
      "path": "detect_secrets.filters.allowlist.is_line_allowlisted"
    },
    {
      "path": "detect_secrets.filters.heuristic.is_indirect_reference"
    },
    {
      "path": "detect_secrets.filters.heuristic.is_likely_id_string"
    },
    {
      "path": "detect_secrets.filters.heuristic.is_lock_file"
    },
    {
      "path": "detect_secrets.filters.heuristic.is_not_alphanumeric_string"
    },
    {
      "path": "detect_secrets.filters.heuristic.is_potential_uuid"
    },
    {
      "path": "detect_secrets.filters.heuristic.is_prefixed_with_dollar_sign"
    },
    {
      "path": "detect_secrets.filters.heuristic.is_sequential_string"
    },
    {
      "path": "detect_secrets.filters.heuristic.is_swagger_file"
    },
    {
      "path": "detect_secrets.filters.heuristic.is_templated_secret"
    },
    {
      "path": "detect_secrets.filters.regex.should_exclude_file",
      "pattern": [
        "^\\.secrets\\.baseline$"
      ]
    }
  ],
  "results": {
    "tasks/issue-11-r2a-current-advisory-consumer.json": [
      {
        "type": "Hex High Entropy String",
        "filename": "tasks/issue-11-r2a-current-advisory-consumer.json",
        "hashed_secret": "c686d7387870b106ba63e9548f7a5038a033e402",
        "is_verified": false,
        "is_secret": false,
        "line_number": 10
      },
      {
        "type": "Hex High Entropy String",
        "filename": "tasks/issue-11-r2a-current-advisory-consumer.json",
        "hashed_secret": "9c9249f7356f77267e9016586a1f39fbd6c85331",
        "is_verified": false,
        "is_secret": false,
        "line_number": 11
      },
      {
        "type": "Hex High Entropy String",
        "filename": "tasks/issue-11-r2a-current-advisory-consumer.json",
        "hashed_secret": "43ecc37a74892202bb7e623f5623936db5344de9",
        "is_verified": false,
        "is_secret": false,
        "line_number": 34
      }
    ],
    "tasks/issue-11-r2a-current-advisory.json": [
      {
        "type": "Hex High Entropy String",
        "filename": "tasks/issue-11-r2a-current-advisory.json",
        "hashed_secret": "50b268936c656b3f8e0d721049dcc599f47dd54e",
        "is_verified": false,
        "is_secret": false,
        "line_number": 12
      }
    ]
  },
  "generated_at": "2026-09-17T14:33:10Z"
}
